/path/to/new.go	/path/to/new_b.go	/path/to/modified.go	/path/to/untracked.go
