/path/to/repo/deleted_by_both.txt	/path/to/repo/added_by_us.txt	/path/to/repo/deleted_by_them.txt	/path/to/repo/added_by_them.txt	/path/to/repo/deleted_by_us.txt	/path/to/repo/added_by_both.txt	/path/to/repo/modified_by_both.txt
