[2;37m#[0m On branch: [1mmain  [2;37m|  [[0m*[2;37m][0m => $e*
[2;37m#[0m
[1;33mâž¤[0m Changes to be committed
[0;33m#[0m
[0;33m#[0m     [0;33m  new file: [2;37m [[0m1[2;37m] [0;33mnew.go[0m
[0;33m#[0m     [0;33m  new file: [2;37m [[0m2[2;37m] [0;33mnew_b.go[0m
[0;33m#[0m     [0;32m  modified: [2;37m [[0m3[2;37m] [0;33mchanged.go[0m
[0;33m#[0m
