/home/starfleet/src/projects/snw	/home/starfleet/src/projects/warpcore/CONFIDENTIAL.md	/home/starfleet/src/docs/wolf 359 was an inside job.txt
