[2;37m#[0m On branch: [1mfeature  [2;37m|  [0;33m+2/-1[0m  [2;37m|  [[0m*[2;37m][0m => $e*
[2;37m#[0m
[1;33mâž¤[0m Changes to be committed
[0;33m#[0m
[0;33m#[0m     [0;33m  new file: [2;37m [[0m1[2;37m] [0;33mnew.go[0m
[0;33m#[0m     [0;33m  new file: [2;37m [[0m2[2;37m] [0;33mnew_b.go[0m
[0;33m#[0m
[1;32mâž¤[0m Changes not staged for commit
[0;32m#[0m
[0;32m#[0m     [0;32m  modified: [2;37m [[0m3[2;37m] [0;32mmodified.go[0m
[0;32m#[0m
[1;36mâž¤[0m Untracked files
[0;36m#[0m
[0;36m#[0m     [0;36m untracked: [2;37m [[0m4[2;37m] [0;36muntracked.go[0m
[0;36m#[0m
