[2;37m#[0m On branch: [1mtype-change  [2;37m|  [0;33m+1[0m  [2;37m|  [[0m*[2;37m][0m => $e*
[2;37m#[0m
[1;33mâž¤[0m Changes to be committed
[0;33m#[0m
[0;33m#[0m     [0;35mtypechange: [2;37m [[0m1[2;37m] [0;33mstaged_typechange.txt[0m
[0;33m#[0m
[1;32mâž¤[0m Changes not staged for commit
[0;32m#[0m
[0;32m#[0m     [0;35mtypechange: [2;37m [[0m2[2;37m] [0;32munstaged_typechange.txt[0m
[0;32m#[0m
