/path/to/repo/staged_typechange.txt	/path/to/repo/unstaged_typechange.txt
