[2;37m#[0m On branch: [1mfeature  [2;37m|  [0;33m+3[0m  [2;37m|  [0;32mNo changes (working directory clean)[0m
