[2;37m#[0m On branch: [1mmain  [2;37m|  [0;32mNo changes (working directory clean)[0m
