/path/to/new.go	/path/to/new_b.go	/path/to/changed.go
