[2;37m#[0m On branch: [1mfeature  [2;37m|  [0;33m-13[0m  [2;37m|  [[0m*[2;37m][0m => $e*
[2;37m#[0m
[1;33mâž¤[0m Changes to be committed
[0;33m#[0m
[0;33m#[0m     [0;34m   renamed: [2;37m [[0m1[2;37m] [0;33m../ds9 -> ../snw[0m
[0;33m#[0m     [0;34m   renamed: [2;37m [[0m2[2;37m] [0;33mSporeDriveSchematics.md -> CONFIDENTIAL.md[0m
[0;33m#[0m     [0;31m   deleted: [2;37m [[0m3[2;37m] [0;33m../../docs/wolf 359 was an inside job.txt[0m
[0;33m#[0m
